INPUT '123'
REST ''
VALUE 123
FORMATTED '123'

INPUT '123/201'
REST ''
VALUE 0.61194
FORMATTED '⅗'

INPUT '10.11'
REST ''
VALUE 10.11
FORMATTED '10 ⅒'

INPUT '-0.001'
REST ''
VALUE -0.001
FORMATTED ''

INPUT '1/1'
REST ''
VALUE 1
FORMATTED '1'

INPUT '1/2'
REST ''
VALUE 0.5
FORMATTED '½'

INPUT '1/3'
REST ''
VALUE 0.333333
FORMATTED '⅓'

INPUT '2/6'
REST ''
VALUE 0.333333
FORMATTED '⅓'

INPUT '1/0'
REST ''
VALUE 1
FORMATTED '1'

INPUT '-1/1'
REST ''
VALUE -1
FORMATTED '-1'

INPUT '1/-1'
REST ''
VALUE 1
FORMATTED '1'

INPUT '-3/-4'
REST ''
VALUE -3
FORMATTED '-3'

INPUT '¼'
REST ''
VALUE 0.25
FORMATTED '¼'

INPUT '½'
REST ''
VALUE 0.5
FORMATTED '½'

INPUT '¾'
REST ''
VALUE 0.75
FORMATTED '¾'

INPUT '⅐'
REST ''
VALUE 0.142857
FORMATTED '²⁄₁₅'

INPUT '⅑'
REST ''
VALUE 0.111111
FORMATTED '⅒'

INPUT '⅒'
REST ''
VALUE 0.1
FORMATTED '⅒'

INPUT '⅓'
REST ''
VALUE 0.333333
FORMATTED '⅓'

INPUT '⅔'
REST ''
VALUE 0.666667
FORMATTED '⅔'

INPUT '⅕'
REST ''
VALUE 0.2
FORMATTED '⅕'

INPUT '⅖'
REST ''
VALUE 0.4
FORMATTED '⅖'

INPUT '⅗'
REST ''
VALUE 0.6
FORMATTED '⅗'

INPUT '⅘'
REST ''
VALUE 0.8
FORMATTED '⅘'

INPUT '⅙'
REST ''
VALUE 0.166667
FORMATTED '⅙'

INPUT '⅚'
REST ''
VALUE 0.833333
FORMATTED '⅚'

INPUT '⅛'
REST ''
VALUE 0.125
FORMATTED '⅛'

INPUT '⅜'
REST ''
VALUE 0.375
FORMATTED '⅜'

INPUT '⅝'
REST ''
VALUE 0.625
FORMATTED '⅝'

INPUT '⅞'
REST ''
VALUE 0.875
FORMATTED '⅞'

INPUT '1/16'
REST ''
VALUE 0.0625
FORMATTED '¹⁄₁₆'

INPUT '2/16'
REST ''
VALUE 0.125
FORMATTED '⅛'

INPUT '3/16'
REST ''
VALUE 0.1875
FORMATTED '³⁄₁₆'

INPUT '4/16'
REST ''
VALUE 0.25
FORMATTED '¼'

INPUT '5/16'
REST ''
VALUE 0.3125
FORMATTED '⁵⁄₁₆'

INPUT '6/16'
REST ''
VALUE 0.375
FORMATTED '⅜'

INPUT '7/16'
REST ''
VALUE 0.4375
FORMATTED '⁷⁄₁₆'

INPUT '8/16'
REST ''
VALUE 0.5
FORMATTED '½'

INPUT '9/16'
REST ''
VALUE 0.5625
FORMATTED '⁹⁄₁₆'

INPUT '10/16'
REST ''
VALUE 0.625
FORMATTED '⅝'

INPUT '11/16'
REST ''
VALUE 0.6875
FORMATTED '¹¹⁄₁₆'

INPUT '12/16'
REST ''
VALUE 0.75
FORMATTED '¾'

INPUT '13/16'
REST ''
VALUE 0.8125
FORMATTED '¹³⁄₁₆'

INPUT '14/16'
REST ''
VALUE 0.875
FORMATTED '⅞'

INPUT '15/16'
REST ''
VALUE 0.9375
FORMATTED '¹⁵⁄₁₆'

INPUT '1/15'
REST ''
VALUE 0.0666667
FORMATTED '¹⁄₁₅'

INPUT '2/15'
REST ''
VALUE 0.133333
FORMATTED '²⁄₁₅'

INPUT '3/15'
REST ''
VALUE 0.2
FORMATTED '⅕'

INPUT '4/15'
REST ''
VALUE 0.266667
FORMATTED '⁴⁄₁₅'

INPUT '5/15'
REST ''
VALUE 0.333333
FORMATTED '⅓'

INPUT '6/15'
REST ''
VALUE 0.4
FORMATTED '⅖'

INPUT '7/15'
REST ''
VALUE 0.466667
FORMATTED '⁷⁄₁₅'

INPUT '8/15'
REST ''
VALUE 0.533333
FORMATTED '⁸⁄₁₅'

INPUT '9/15'
REST ''
VALUE 0.6
FORMATTED '⅗'

INPUT '10/15'
REST ''
VALUE 0.666667
FORMATTED '⅔'

INPUT '11/15'
REST ''
VALUE 0.733333
FORMATTED '¹¹⁄₁₅'

INPUT '12/15'
REST ''
VALUE 0.8
FORMATTED '⅘'

INPUT '13/15'
REST ''
VALUE 0.866667
FORMATTED '¹³⁄₁₅'

INPUT '14/15'
REST ''
VALUE 0.933333
FORMATTED '¹⁴⁄₁₅'

INPUT '1/12'
REST ''
VALUE 0.0833333
FORMATTED '¹⁄₁₂'

INPUT '2/12'
REST ''
VALUE 0.166667
FORMATTED '⅙'

INPUT '3/12'
REST ''
VALUE 0.25
FORMATTED '¼'

INPUT '4/12'
REST ''
VALUE 0.333333
FORMATTED '⅓'

INPUT '5/12'
REST ''
VALUE 0.416667
FORMATTED '⁵⁄₁₂'

INPUT '6/12'
REST ''
VALUE 0.5
FORMATTED '½'

INPUT '7/12'
REST ''
VALUE 0.583333
FORMATTED '⁷⁄₁₂'

INPUT '8/12'
REST ''
VALUE 0.666667
FORMATTED '⅔'

INPUT '9/12'
REST ''
VALUE 0.75
FORMATTED '¾'

INPUT '10/12'
REST ''
VALUE 0.833333
FORMATTED '⅚'

INPUT '11/12'
REST ''
VALUE 0.916667
FORMATTED '¹¹⁄₁₂'

INPUT '1/10'
REST ''
VALUE 0.1
FORMATTED '⅒'

INPUT '2/10'
REST ''
VALUE 0.2
FORMATTED '⅕'

INPUT '3/10'
REST ''
VALUE 0.3
FORMATTED '³⁄₁₀'

INPUT '4/10'
REST ''
VALUE 0.4
FORMATTED '⅖'

INPUT '5/10'
REST ''
VALUE 0.5
FORMATTED '½'

INPUT '6/10'
REST ''
VALUE 0.6
FORMATTED '⅗'

INPUT '7/10'
REST ''
VALUE 0.7
FORMATTED '⁷⁄₁₀'

INPUT '8/10'
REST ''
VALUE 0.8
FORMATTED '⅘'

INPUT '9/10'
REST ''
VALUE 0.9
FORMATTED '⁹⁄₁₀'

INPUT '1/8'
REST ''
VALUE 0.125
FORMATTED '⅛'

INPUT '2/8'
REST ''
VALUE 0.25
FORMATTED '¼'

INPUT '3/8'
REST ''
VALUE 0.375
FORMATTED '⅜'

INPUT '4/8'
REST ''
VALUE 0.5
FORMATTED '½'

INPUT '5/8'
REST ''
VALUE 0.625
FORMATTED '⅝'

INPUT '6/8'
REST ''
VALUE 0.75
FORMATTED '¾'

INPUT '7/8'
REST ''
VALUE 0.875
FORMATTED '⅞'

INPUT '1/6'
REST ''
VALUE 0.166667
FORMATTED '⅙'

INPUT '2/6'
REST ''
VALUE 0.333333
FORMATTED '⅓'

INPUT '3/6'
REST ''
VALUE 0.5
FORMATTED '½'

INPUT '4/6'
REST ''
VALUE 0.666667
FORMATTED '⅔'

INPUT '5/6'
REST ''
VALUE 0.833333
FORMATTED '⅚'

INPUT '1/5'
REST ''
VALUE 0.2
FORMATTED '⅕'

INPUT '2/5'
REST ''
VALUE 0.4
FORMATTED '⅖'

INPUT '3/5'
REST ''
VALUE 0.6
FORMATTED '⅗'

INPUT '4/5'
REST ''
VALUE 0.8
FORMATTED '⅘'

INPUT '1/4'
REST ''
VALUE 0.25
FORMATTED '¼'

INPUT '2/4'
REST ''
VALUE 0.5
FORMATTED '½'

INPUT '3/4'
REST ''
VALUE 0.75
FORMATTED '¾'

INPUT '1/3'
REST ''
VALUE 0.333333
FORMATTED '⅓'

INPUT '2/3'
REST ''
VALUE 0.666667
FORMATTED '⅔'

INPUT '1/2'
REST ''
VALUE 0.5
FORMATTED '½'

INPUT '1 1/2'
REST ''
VALUE 1.5
FORMATTED '1 ½'

INPUT '2 23/47'
REST ''
VALUE 2.48936
FORMATTED '2 ½'

INPUT '1 ¼'
REST ''
VALUE 1.25
FORMATTED '1 ¼'

INPUT '2 ½'
REST ''
VALUE 2.5
FORMATTED '2 ½'

INPUT '1 ½'
REST ''
VALUE 1.5
FORMATTED '1 ½'

INPUT '1¼'
REST ''
VALUE 1.25
FORMATTED '1 ¼'

INPUT '2½'
REST ''
VALUE 2.5
FORMATTED '2 ½'

INPUT '10.11.12'
REST '10.11.12'
ERROR Could not parse 10.11.12 as a number

INPUT '1/2/3'
REST '1/2/3'
ERROR Could not parse 1/2/3 as a number

INPUT '--2'
REST '--2'
ERROR Could not parse --2 as a number

INPUT '10 11.12'
REST ' 11.12'
VALUE 10
FORMATTED '10'

INPUT ' '
REST ' '
ERROR Could not parse   as a number

