INPUT '123'
REST ''
FRACTION 1
NUMERATOR 123
DENOMINATOR 1
VALUE 123
FORMATTED '123'

INPUT '123/201'
REST ''
FRACTION 1
NUMERATOR 41
DENOMINATOR 67
VALUE 0.61194
FORMATTED '41/67'

INPUT '10.11'
REST ''
FRACTION 0
NUMERATOR 0
DENOMINATOR 0
VALUE 10.11
FORMATTED '10.11'

INPUT '-0.001'
REST ''
FRACTION 0
NUMERATOR 0
DENOMINATOR 0
VALUE -0.001
FORMATTED '-0.001'

INPUT '1/2'
REST ''
FRACTION 1
NUMERATOR 1
DENOMINATOR 2
VALUE 0.5
FORMATTED '½'

INPUT '1/3'
REST ''
FRACTION 1
NUMERATOR 1
DENOMINATOR 3
VALUE 0.333333
FORMATTED '⅓'

INPUT '2/6'
REST ''
FRACTION 1
NUMERATOR 1
DENOMINATOR 3
VALUE 0.333333
FORMATTED '⅓'

INPUT '1/0'
REST ''
FRACTION 1
NUMERATOR 1
DENOMINATOR 0
VALUE inf
FORMATTED ''

INPUT '1/-1'
REST ''
FRACTION 1
NUMERATOR -1
DENOMINATOR 1
VALUE -1
FORMATTED '-1'

INPUT '-3/-4'
REST ''
FRACTION 1
NUMERATOR 3
DENOMINATOR 4
VALUE 0.75
FORMATTED '¾'

INPUT '¼'
REST ''
FRACTION 1
NUMERATOR 1
DENOMINATOR 4
VALUE 0.25
FORMATTED '¼'

INPUT '½'
REST ''
FRACTION 1
NUMERATOR 1
DENOMINATOR 2
VALUE 0.5
FORMATTED '½'

INPUT '¾'
REST ''
FRACTION 1
NUMERATOR 3
DENOMINATOR 4
VALUE 0.75
FORMATTED '¾'

INPUT '⅐'
REST ''
FRACTION 1
NUMERATOR 1
DENOMINATOR 7
VALUE 0.142857
FORMATTED '⅐'

INPUT '⅑'
REST ''
FRACTION 1
NUMERATOR 1
DENOMINATOR 9
VALUE 0.111111
FORMATTED '⅑'

INPUT '⅒'
REST ''
FRACTION 1
NUMERATOR 1
DENOMINATOR 10
VALUE 0.1
FORMATTED '⅒'

INPUT '⅓'
REST ''
FRACTION 1
NUMERATOR 1
DENOMINATOR 3
VALUE 0.333333
FORMATTED '⅓'

INPUT '⅔'
REST ''
FRACTION 1
NUMERATOR 2
DENOMINATOR 3
VALUE 0.666667
FORMATTED '⅔'

INPUT '⅕'
REST ''
FRACTION 1
NUMERATOR 1
DENOMINATOR 5
VALUE 0.2
FORMATTED '⅕'

INPUT '⅖'
REST ''
FRACTION 1
NUMERATOR 2
DENOMINATOR 5
VALUE 0.4
FORMATTED '⅖'

INPUT '⅗'
REST ''
FRACTION 1
NUMERATOR 3
DENOMINATOR 5
VALUE 0.6
FORMATTED '⅗'

INPUT '⅘'
REST ''
FRACTION 1
NUMERATOR 4
DENOMINATOR 5
VALUE 0.8
FORMATTED '⅘'

INPUT '⅙'
REST ''
FRACTION 1
NUMERATOR 1
DENOMINATOR 6
VALUE 0.166667
FORMATTED '⅙'

INPUT '⅚'
REST ''
FRACTION 1
NUMERATOR 5
DENOMINATOR 6
VALUE 0.833333
FORMATTED '⅚'

INPUT '⅛'
REST ''
FRACTION 1
NUMERATOR 1
DENOMINATOR 8
VALUE 0.125
FORMATTED '⅛'

INPUT '⅜'
REST ''
FRACTION 1
NUMERATOR 3
DENOMINATOR 8
VALUE 0.375
FORMATTED '⅜'

INPUT '⅝'
REST ''
FRACTION 1
NUMERATOR 5
DENOMINATOR 8
VALUE 0.625
FORMATTED '⅝'

INPUT '⅞'
REST ''
FRACTION 1
NUMERATOR 7
DENOMINATOR 8
VALUE 0.875
FORMATTED '⅞'

INPUT '1 1/2'
REST ''
FRACTION 1
NUMERATOR 3
DENOMINATOR 2
VALUE 1.5
FORMATTED '1 ½'

INPUT '2 23/47'
REST ''
FRACTION 1
NUMERATOR 117
DENOMINATOR 47
VALUE 2.48936
FORMATTED '2 23/47'

INPUT '1 ¼'
REST ''
FRACTION 1
NUMERATOR 5
DENOMINATOR 4
VALUE 1.25
FORMATTED '1 ¼'

INPUT '2 ½'
REST ''
FRACTION 1
NUMERATOR 5
DENOMINATOR 2
VALUE 2.5
FORMATTED '2 ½'

INPUT '1¼'
REST ''
FRACTION 1
NUMERATOR 5
DENOMINATOR 4
VALUE 1.25
FORMATTED '1 ¼'

INPUT '2½'
REST ''
FRACTION 1
NUMERATOR 5
DENOMINATOR 2
VALUE 2.5
FORMATTED '2 ½'

INPUT '10.11.12'
REST '10.11.12'
ERROR Could not parse 10.11.12 as a number

INPUT '1/2/3'
REST '1/2/3'
ERROR Could not parse 1/2/3 as a number

INPUT '--2'
REST '--2'
ERROR Could not parse --2 as a number

INPUT '10 11.12'
REST '11.12'
FRACTION 1
NUMERATOR 10
DENOMINATOR 1
VALUE 10
FORMATTED '10'

