AMOUNT 1/1
UNIT (null)
NAME apple

AMOUNT 1/1
UNIT (null)
NAME apple

AMOUNT 1/1
UNIT (null)
NAME apple

AMOUNT 2/1
UNIT (null)
NAME apples

AMOUNT 3/1
UNIT (null)
NAME apples

AMOUNT 4/1
UNIT (null)
NAME apples

AMOUNT 5/1
UNIT (null)
NAME apples

AMOUNT 6/1
UNIT (null)
NAME apples

AMOUNT 7/1
UNIT (null)
NAME apples

AMOUNT 8/1
UNIT (null)
NAME apples

AMOUNT 9/1
UNIT (null)
NAME apples

AMOUNT 10/1
UNIT (null)
NAME apples

AMOUNT 11/1
UNIT (null)
NAME apples

AMOUNT 12/1
UNIT (null)
NAME apples

AMOUNT 12/1
UNIT (null)
NAME apples

